articles_dir=2026-02-13
exit_code=0
timestamp_utc=2026-02-13T00:41:01Z

---- issue lines ----
8:Failed to fetch feed Next.js Blog: Status code 404
9:Failed to fetch feed Adrian Roselli: Request timed out after 10000ms
23:🤖 Bot protection detected (HTTP 403), trying Playwright: https://uxdesign.cc/the-new-ux-toolkit-data-context-and-evals-9bd09fea466d
47:Failed to download image https://cdn.sanity.io/images/599r6htc/regionalized/e656031967d2fe46525fe17a13e1c851b364605a-5040x3474.png?w=5040&h=3474&q=75&fit=max&auto=format: maxContentLength size of 5242880 exceeded

---- tail (last 50 lines) ----
Failed to fetch feed Next.js Blog: Status code 404
Failed to fetch feed Adrian Roselli: Request timed out after 10000ms
📰 Found 5348 total articles
✨ New articles: 14
⏭️ Skipped (already processed): 314
📥 Processing: 14 More Lessons from 14 years at Google
✅ Saved: /home/runner/work/magazine/magazine/articles/2026-02-13/14-more-lessons-from-14-years-at-google.md
📥 Processing: Large tech companies don’t need heroes
✅ Saved: /home/runner/work/magazine/magazine/articles/2026-02-13/large-tech-companies-dont-need-heroes.md
📥 Processing: What are the odds?
⚠️ Content too short (153 chars < 200): https://r74n.com/mini/odds
🔄 Readability failed, trying Playwright: https://r74n.com/mini/odds
✅ Playwright successfully fetched: https://r74n.com/mini/odds
✅ Saved: /home/runner/work/magazine/magazine/articles/2026-02-13/what-are-the-odds.md
📥 Processing: The new UX Toolkit: data, context, and evals
🤖 Bot protection detected (HTTP 403), trying Playwright: https://uxdesign.cc/the-new-ux-toolkit-data-context-and-evals-9bd09fea466d
✅ Playwright successfully fetched: https://uxdesign.cc/the-new-ux-toolkit-data-context-and-evals-9bd09fea466d
✅ Saved: /home/runner/work/magazine/magazine/articles/2026-02-13/the-new-ux-toolkit-data-context-and-evals.md
📥 Processing: Best Global Brands 2025
✅ Saved: /home/runner/work/magazine/magazine/articles/2026-02-13/best-global-brands-2025.md
📥 Processing: Refactoring internal documentation in Notion
✅ Saved: /home/runner/work/magazine/magazine/articles/2026-02-13/refactoring-internal-documentation-in-notion.md
📥 Processing: The programming language after Kotlin – with the creator of Kotlin
✅ Saved: /home/runner/work/magazine/magazine/articles/2026-02-13/the-programming-language-after-kotlin-with-the-creator-of-kotlin.md
📥 Processing: Jordan Gilroy: From Burnout to Building the Work I Always Wanted
✅ Saved: /home/runner/work/magazine/magazine/articles/2026-02-13/jordan-gilroy-from-burnout-to-building-the-work-i-always-wanted.md
📥 Processing: You might not need role="presentation"
✅ Saved: /home/runner/work/magazine/magazine/articles/2026-02-13/you-might-not-need-rolepresentation.md
📥 Processing: Browserbase joins the Vercel Agent Marketplace
✅ Saved: /home/runner/work/magazine/magazine/articles/2026-02-13/browserbase-joins-the-vercel-agent-marketplace.md
📥 Processing: Use MiniMax M2.5 on AI Gateway
✅ Saved: /home/runner/work/magazine/magazine/articles/2026-02-13/use-minimax-m25-on-ai-gateway.md
📥 Processing: New deployments with vulnerable versions of the third-party package next-mdx-remote are now blocked by default
✅ Saved: /home/runner/work/magazine/magazine/articles/2026-02-13/new-deployments-with-vulnerable-versions-of-the-third-party-package-next-mdx-remote-are-now-blocked-.md
📥 Processing: State of the Designer 2026: Designers are leaning into the messy middle
Could not parse CSS stylesheet
Could not parse CSS stylesheet
Could not parse CSS stylesheet
Could not parse CSS stylesheet
Failed to download image https://cdn.sanity.io/images/599r6htc/regionalized/e656031967d2fe46525fe17a13e1c851b364605a-5040x3474.png?w=5040&h=3474&q=75&fit=max&auto=format: maxContentLength size of 5242880 exceeded
✅ Saved: /home/runner/work/magazine/magazine/articles/2026-02-13/state-of-the-designer-2026-designers-are-leaning-into-the-messy-middle.md
📥 Processing: Design Smarter: Future-Proof Your UX Career in the Age of AI
Could not parse CSS stylesheet
Could not parse CSS stylesheet
✅ Saved: /home/runner/work/magazine/magazine/articles/2026-02-13/design-smarter-future-proof-your-ux-career-in-the-age-of-ai.md

📊 Summary:
   ✅ Success: 14
   ❌ Errors: 0
🏁 Done!
