articles_dir=2026-01-24
exit_code=0
timestamp_utc=2026-01-24T00:30:39Z

---- issue lines ----
8:Failed to fetch feed Mercari Engineering: Status code 403
9:Failed to fetch feed Frontend Weekly Tokyo: Status code 404
18:Failed to download image https://mood.harrycresswell.com/gramicci-library-poster/GRAMICCI-Posters-3_hu28ebdeba2075a6407aecff2f02fda66a_211408_640x0_resize_q75_box.jpg: timeout of 30000ms exceeded
19:Failed to download image https://mood.harrycresswell.com/sol-lewitt-poster-instructions/sol-lewitt-poster-instructions_hu53432e20dac3758d04e0cd1902858d67_78881_640x0_resize_q75_box.jpg: stream has been aborted
22:⚠️ Content too short (25 chars < 500): https://websafe2k16.com/
24:⚠️ Content too short (25 chars < 500): https://websafe2k16.com/
26:⚠️ Content too short (25 chars < 500): https://websafe2k16.com/
27:⚠️ Using RSS content as fallback for: https://websafe2k16.com/
32:🤖 Bot protection detected (HTTP 403), trying Playwright: https://thoughtfuleng.substack.com/p/junior-developers-in-the-age-of-ai
34:⚠️ Content too short (172 chars < 500): https://thoughtfuleng.substack.com/p/junior-developers-in-the-age-of-ai
35:⚠️ Using RSS content as fallback for: https://thoughtfuleng.substack.com/p/junior-developers-in-the-age-of-ai
44:   ❌ Errors: 0

---- tail (last 50 lines) ----

> ux-eng-magazine@1.0.0 fetch-rss /home/runner/work/magazine/magazine
> node --import tsx src/index.ts

🚀 Starting RSS feed fetch...
📋 Loaded 26 feeds
📡 Fetching RSS feeds...
Failed to fetch feed Mercari Engineering: Status code 403
Failed to fetch feed Frontend Weekly Tokyo: Status code 404
📰 Found 1599 total articles
✨ New articles: 8
⏭️ Skipped (already processed): 3
📥 Processing: Barriers from Links with ARIA
✅ Saved: /home/runner/work/magazine/magazine/articles/2026-01-24/barriers-from-links-with-aria.md
📥 Processing: A social filesystem
✅ Saved: /home/runner/work/magazine/magazine/articles/2026-01-24/a-social-filesystem.md
📥 Processing: Mood
Failed to download image https://mood.harrycresswell.com/gramicci-library-poster/GRAMICCI-Posters-3_hu28ebdeba2075a6407aecff2f02fda66a_211408_640x0_resize_q75_box.jpg: timeout of 30000ms exceeded
Failed to download image https://mood.harrycresswell.com/sol-lewitt-poster-instructions/sol-lewitt-poster-instructions_hu53432e20dac3758d04e0cd1902858d67_78881_640x0_resize_q75_box.jpg: stream has been aborted
✅ Saved: /home/runner/work/magazine/magazine/articles/2026-01-24/mood.md
📥 Processing: Web safe 2k16
⚠️ Content too short (25 chars < 500): https://websafe2k16.com/
⏳ Retry 1/3 for: https://websafe2k16.com/
⚠️ Content too short (25 chars < 500): https://websafe2k16.com/
⏳ Retry 2/3 for: https://websafe2k16.com/
⚠️ Content too short (25 chars < 500): https://websafe2k16.com/
⚠️ Using RSS content as fallback for: https://websafe2k16.com/
✅ Saved: /home/runner/work/magazine/magazine/articles/2026-01-24/web-safe-2k16.md
📥 Processing: Building a toast component
✅ Saved: /home/runner/work/magazine/magazine/articles/2026-01-24/building-a-toast-component.md
📥 Processing: Junior developers in the Age of AI
🤖 Bot protection detected (HTTP 403), trying Playwright: https://thoughtfuleng.substack.com/p/junior-developers-in-the-age-of-ai
✅ Playwright successfully fetched: https://thoughtfuleng.substack.com/p/junior-developers-in-the-age-of-ai
⚠️ Content too short (172 chars < 500): https://thoughtfuleng.substack.com/p/junior-developers-in-the-age-of-ai
⚠️ Using RSS content as fallback for: https://thoughtfuleng.substack.com/p/junior-developers-in-the-age-of-ai
✅ Saved: /home/runner/work/magazine/magazine/articles/2026-01-24/junior-developers-in-the-age-of-ai.md
📥 Processing: Responsive Hexagon Grid Using Modern CSS
✅ Saved: /home/runner/work/magazine/magazine/articles/2026-01-24/responsive-hexagon-grid-using-modern-css.md
📥 Processing: Open Props @custom-media Recipes
✅ Saved: /home/runner/work/magazine/magazine/articles/2026-01-24/open-props-custom-media-recipes.md

📊 Summary:
   ✅ Success: 8
   ❌ Errors: 0
🏁 Done!
