articles_dir=2026-05-26
exit_code=0
timestamp_utc=2026-05-26T01:00:25Z

---- issue lines ----
26:⚠️ Readability bug detected ([object Object]): https://every.to/p/after-automation
29:⚠️ Readability bug detected ([object Object]): https://every.to/p/after-automation

---- tail (last 50 lines) ----
✅ Saved: /home/runner/work/magazine/magazine/articles/2026-05-26/a-smaller-screen-needs-a-different-story.md
📥 Processing: Everyone’s a thought leader. Almost no one is thinking.
✅ Saved: /home/runner/work/magazine/magazine/articles/2026-05-26/everyones-a-thought-leader-almost-no-one-is-thinking.md
📥 Processing: AI in Design Report 2026
✅ Saved: /home/runner/work/magazine/magazine/articles/2026-05-26/ai-in-design-report-2026.md
📥 Processing: The interface is no longer the product
✅ Saved: /home/runner/work/magazine/magazine/articles/2026-05-26/the-interface-is-no-longer-the-product.md
📥 Processing: After automation
⚠️ Readability bug detected ([object Object]): https://every.to/p/after-automation
🔄 Readability failed, trying Playwright: https://every.to/p/after-automation
✅ Playwright successfully fetched: https://every.to/p/after-automation
⚠️ Readability bug detected ([object Object]): https://every.to/p/after-automation
⚠️ Using RSS content as fallback for: https://every.to/p/after-automation
✅ Saved: /home/runner/work/magazine/magazine/articles/2026-05-26/after-automation.md
📥 Processing: Four Levels Of Customer Understanding
✅ Saved: /home/runner/work/magazine/magazine/articles/2026-05-26/four-levels-of-customer-understanding.md
📥 Processing: The Index: Issue #183
✅ Saved: /home/runner/work/magazine/magazine/articles/2026-05-26/the-index-issue-183.md
📥 Processing: Configure weighted traffic splits for Vercel Flags from the Vercel CLI
✅ Saved: /home/runner/work/magazine/magazine/articles/2026-05-26/configure-weighted-traffic-splits-for-vercel-flags-from-the-vercel-cli.md
📥 Processing: What matters when anyone can build
Could not parse CSS stylesheet
Could not parse CSS stylesheet
Could not parse CSS stylesheet
Could not parse CSS stylesheet
✅ Saved: /home/runner/work/magazine/magazine/articles/2026-05-26/what-matters-when-anyone-can-build.md
📥 Processing: 7 tips for using Figma Make credits more efficiently
Could not parse CSS stylesheet
Could not parse CSS stylesheet
Could not parse CSS stylesheet
Could not parse CSS stylesheet
✅ Saved: /home/runner/work/magazine/magazine/articles/2026-05-26/7-tips-for-using-figma-make-credits-more-efficiently.md
📥 Processing: Inside the repo I built to teach technical content design
Could not parse CSS stylesheet
Could not parse CSS stylesheet
Could not parse CSS stylesheet
✅ Saved: /home/runner/work/magazine/magazine/articles/2026-05-26/inside-the-repo-i-built-to-teach-technical-content-design.md
📥 Processing: The Case for Design Disposables
✅ Saved: /home/runner/work/magazine/magazine/articles/2026-05-26/the-case-for-design-disposables.md
📥 Processing: Closing the Loop: What to Do After a Design Critique Ends
✅ Saved: /home/runner/work/magazine/magazine/articles/2026-05-26/closing-the-loop-what-to-do-after-a-design-critique-ends.md
📥 Processing: Should we be kind to machines (for our own sake, really)?
✅ Saved: /home/runner/work/magazine/magazine/articles/2026-05-26/should-we-be-kind-to-machines-for-our-own-sake-really.md
📥 Processing: RSCs in TanStack: better than Next.js?
✅ Saved: /home/runner/work/magazine/magazine/articles/2026-05-26/rscs-in-tanstack-better-than-nextjs.md

📊 Summary:
   ✅ Success: 18
   ❌ Errors: 0
🏁 Done!
