articles_dir=2026-04-27
exit_code=0
timestamp_utc=2026-04-27T00:50:28Z

---- issue lines ----
9:Failed to fetch feed Remix Blog: Status code 500

---- tail (last 50 lines) ----

> ux-eng-magazine@1.0.0 fetch-rss /home/runner/work/magazine/magazine
> node --import tsx src/index.ts

🚀 Starting RSS feed fetch...
📋 Loaded 65 feeds
📡 Fetching RSS feeds...
⏳ Retry feed fetch 1/3 for Accessibility Weekly after transient error: read ECONNRESET
Failed to fetch feed Remix Blog: Status code 500
📰 Found 5143 total articles
✨ New articles: 1
⏭️ Skipped (already processed): 462
📥 Processing: Pixels of the Week – April 26, 2026
✅ Saved: /home/runner/work/magazine/magazine/articles/2026-04-27/pixels-of-the-week-april-26-2026.md

📊 Summary:
   ✅ Success: 1
   ❌ Errors: 0
🏁 Done!
