articles_dir=2026-01-30
exit_code=0
timestamp_utc=2026-01-30T00:35:05Z

---- issue lines ----
18:⚠️ Using RSS content as fallback for: https://www.ragecheck.com/
27:   ❌ Errors: 0

---- tail (last 50 lines) ----

> ux-eng-magazine@1.0.0 fetch-rss /home/runner/work/magazine/magazine
> node --import tsx src/index.ts

🚀 Starting RSS feed fetch...
📋 Loaded 26 feeds
📡 Fetching RSS feeds...
📰 Found 1901 total articles
✨ New articles: 5
⏭️ Skipped (already processed): 6
📥 Processing: Sometimes your job is to stay the hell out of the way
✅ Saved: /home/runner/work/magazine/magazine/articles/2026-01-30/sometimes-your-job-is-to-stay-the-hell-out-of-the-way.md
📥 Processing: The hidden history of women game designers
✅ Saved: /home/runner/work/magazine/magazine/articles/2026-01-30/the-hidden-history-of-women-game-designers.md
📥 Processing: Rage Check
⏳ Retry 1/3 for: https://www.ragecheck.com/
⏳ Retry 2/3 for: https://www.ragecheck.com/
⚠️ Using RSS content as fallback for: https://www.ragecheck.com/
✅ Saved: /home/runner/work/magazine/magazine/articles/2026-01-30/rage-check.md
📥 Processing: How an accessibility designer adds keyboard shortcuts to a web app
✅ Saved: /home/runner/work/magazine/magazine/articles/2026-01-30/how-an-accessibility-designer-adds-keyboard-shortcuts-to-a-web-app.md
📥 Processing: The Pulse #161: open source projects overwhelmed by AI-generated security reports
✅ Saved: /home/runner/work/magazine/magazine/articles/2026-01-30/the-pulse-161-open-source-projects-overwhelmed-by-ai-generated-security-reports.md

📊 Summary:
   ✅ Success: 5
   ❌ Errors: 0
🏁 Done!
