articles_dir=2026-03-08
exit_code=0
timestamp_utc=2026-03-08T00:38:31Z

---- issue lines ----
8:Failed to fetch feed Vercel: Invalid time value
14:Failed to fetch feed Adrian Roselli after 3 attempts: Request timed out after 15000ms
15:Failed to fetch feed Codrops after 3 attempts: Request timed out after 15000ms

---- tail (last 50 lines) ----

> ux-eng-magazine@1.0.0 fetch-rss /home/runner/work/magazine/magazine
> node --import tsx src/index.ts

🚀 Starting RSS feed fetch...
📋 Loaded 65 feeds
📡 Fetching RSS feeds...
Failed to fetch feed Vercel: Invalid time value
⏳ Retry feed fetch 1/3 for Adrian Roselli after transient error: Request timed out after 15000ms
⏳ Retry feed fetch 1/3 for Codrops after transient error: Request timed out after 15000ms
⏳ Retry feed fetch 1/3 for Amy Hupe after transient error: Request timed out after 15000ms
⏳ Retry feed fetch 2/3 for Adrian Roselli after transient error: Request timed out after 15000ms
⏳ Retry feed fetch 2/3 for Codrops after transient error: Request timed out after 15000ms
Failed to fetch feed Adrian Roselli after 3 attempts: Request timed out after 15000ms
Failed to fetch feed Codrops after 3 attempts: Request timed out after 15000ms
📰 Found 3995 total articles
✨ New articles: 1
⏭️ Skipped (already processed): 432
📥 Processing: Your menu doesn’t need Miller’s 7±2 rule
✅ Saved: /home/runner/work/magazine/magazine/articles/2026-03-08/your-menu-doesnt-need-millers-72-rule.md

📊 Summary:
   ✅ Success: 1
   ❌ Errors: 0
🏁 Done!
