articles_dir=2026-04-10
exit_code=0
timestamp_utc=2026-04-10T00:44:07Z

---- issue lines ----
9:Failed to fetch feed Vercel: Invalid time value
10:Failed to fetch feed Remix Blog: Status code 500

---- tail (last 50 lines) ----
> ux-eng-magazine@1.0.0 fetch-rss /home/runner/work/magazine/magazine
> node --import tsx src/index.ts

🚀 Starting RSS feed fetch...
📋 Loaded 65 feeds
📡 Fetching RSS feeds...
⏳ Retry feed fetch 1/3 for CSS IRL after transient error: read ECONNRESET
Failed to fetch feed Vercel: Invalid time value
Failed to fetch feed Remix Blog: Status code 500
⏳ Retry feed fetch 1/3 for Accessibility Weekly after transient error: Request timed out after 15000ms
📰 Found 4006 total articles
✨ New articles: 12
⏭️ Skipped (already processed): 424
📥 Processing: Escaping the Fork: How Meta Modernized WebRTC Across 50+ Use Cases
✅ Saved: /home/runner/work/magazine/magazine/articles/2026-04-10/escaping-the-fork-how-meta-modernized-webrtc-across-50-use-cases.md
📥 Processing: February 2026 Baseline monthly digest
✅ Saved: /home/runner/work/magazine/magazine/articles/2026-04-10/february-2026-baseline-monthly-digest.md
📥 Processing: Should designers "code"?
✅ Saved: /home/runner/work/magazine/magazine/articles/2026-04-10/should-designers-code.md
📥 Processing: Hii Magazine
🔄 Readability failed, trying Playwright: https://hii-mag.com/
✅ Playwright successfully fetched: https://hii-mag.com/
✅ Saved: /home/runner/work/magazine/magazine/articles/2026-04-10/hii-magazine.md
📥 Processing: The Cube Rule
✅ Saved: /home/runner/work/magazine/magazine/articles/2026-04-10/the-cube-rule.md
📥 Processing: SVG favicons that respect theme preference
✅ Saved: /home/runner/work/magazine/magazine/articles/2026-04-10/svg-favicons-that-respect-theme-preference.md
📥 Processing: My picture of the present in AI
✅ Saved: /home/runner/work/magazine/magazine/articles/2026-04-10/my-picture-of-the-present-in-ai.md
📥 Processing: A Single DM, a First SOTD, and the Start of Chanh M. Ho’s Creative Journey
✅ Saved: /home/runner/work/magazine/magazine/articles/2026-04-10/a-single-dm-a-first-sotd-and-the-start-of-chanh-m-hos-creative-journey.md
📥 Processing: Personal website redesign project post: Getting started with the HTML only build
✅ Saved: /home/runner/work/magazine/magazine/articles/2026-04-10/personal-website-redesign-project-post-getting-started-with-the-html-only-build.md
📥 Processing: Turning prompts into five scalable workflows with Figma Weave
Could not parse CSS stylesheet
Could not parse CSS stylesheet
Could not parse CSS stylesheet
Could not parse CSS stylesheet
✅ Saved: /home/runner/work/magazine/magazine/articles/2026-04-10/turning-prompts-into-five-scalable-workflows-with-figma-weave.md
📥 Processing: スクラムイベントでのAI活用 ── 叩き台を作る運用と、やめた運用
✅ Saved: /home/runner/work/magazine/magazine/articles/2026-04-10/ai.md
📥 Processing: Cognitive Empathy: Your Everyday Survival Tool
Could not parse CSS stylesheet
Could not parse CSS stylesheet
✅ Saved: /home/runner/work/magazine/magazine/articles/2026-04-10/cognitive-empathy-your-everyday-survival-tool.md

📊 Summary:
   ✅ Success: 12
   ❌ Errors: 0
🏁 Done!
