articles_dir=2026-01-27
exit_code=0
timestamp_utc=2026-01-27T00:32:23Z

---- issue lines ----
8:🤖 Bot protection detected for Mercari Engineering, trying Playwright...
9:❌ Playwright failed for Mercari Engineering: HTTP 403
14:Failed to download image https://bit.ly/_next/image?url=%2Fassets%2Fimages%2Fsmart-iteration-min.png&w=1920&q=75: Request failed with status code 404
15:Failed to download image https://bit.ly/_next/image?url=%2Fassets%2Fimages%2Fcontrol-visual-direction-min.png&w=1080&q=75: Request failed with status code 404
16:Failed to download image https://bit.ly/_next/image?url=%2Fassets%2Fimages%2Fwhat-is-uxpilot.png&w=1200&q=75: Request failed with status code 404
17:Failed to download image https://bit.ly/_next/image?url=%2Fassets%2Fimages%2Fready-coded-screens-min.png&w=1200&q=75: Request failed with status code 404
18:Failed to download image https://bit.ly/_next/image?url=%2Fassets%2Fimages%2Fdesign-variations-min.png&w=1080&q=75: Request failed with status code 404
19:Failed to download image https://bit.ly/_next/image?url=%2Fassets%2Fimages%2Fref-based-prompt-min.png&w=1200&q=75: Request failed with status code 404
28:⚠️ Using RSS content as fallback for: https://www.youtube.com/watch?v=Yqz3h6RF_7I
31:⚠️ Content too short (279 chars < 500): https://visualrambling.space/
33:⚠️ Content too short (279 chars < 500): https://visualrambling.space/
35:⚠️ Content too short (279 chars < 500): https://visualrambling.space/
36:⚠️ Using RSS content as fallback for: https://visualrambling.space/
49:   ❌ Errors: 0

---- tail (last 50 lines) ----

> ux-eng-magazine@1.0.0 fetch-rss /home/runner/work/magazine/magazine
> node --import tsx src/index.ts

🚀 Starting RSS feed fetch...
📋 Loaded 26 feeds
📡 Fetching RSS feeds...
🤖 Bot protection detected for Mercari Engineering, trying Playwright...
❌ Playwright failed for Mercari Engineering: HTTP 403
📰 Found 1901 total articles
✨ New articles: 8
⏭️ Skipped (already processed): 3
📥 Processing: From prompt to several wireframe variations <10 seconds
Failed to download image https://bit.ly/_next/image?url=%2Fassets%2Fimages%2Fsmart-iteration-min.png&w=1920&q=75: Request failed with status code 404
Failed to download image https://bit.ly/_next/image?url=%2Fassets%2Fimages%2Fcontrol-visual-direction-min.png&w=1080&q=75: Request failed with status code 404
Failed to download image https://bit.ly/_next/image?url=%2Fassets%2Fimages%2Fwhat-is-uxpilot.png&w=1200&q=75: Request failed with status code 404
Failed to download image https://bit.ly/_next/image?url=%2Fassets%2Fimages%2Fready-coded-screens-min.png&w=1200&q=75: Request failed with status code 404
Failed to download image https://bit.ly/_next/image?url=%2Fassets%2Fimages%2Fdesign-variations-min.png&w=1080&q=75: Request failed with status code 404
Failed to download image https://bit.ly/_next/image?url=%2Fassets%2Fimages%2Fref-based-prompt-min.png&w=1200&q=75: Request failed with status code 404
✅ Saved: /home/runner/work/magazine/magazine/articles/2026-01-27/from-prompt-to-several-wireframe-variations-10-seconds.md
📥 Processing: Privacy is a value we can lose
Could not parse CSS stylesheet
Could not parse CSS stylesheet
✅ Saved: /home/runner/work/magazine/magazine/articles/2026-01-27/privacy-is-a-value-we-can-lose.md
📥 Processing: The persistence of decay
⏳ Retry 1/3 for: https://www.youtube.com/watch?v=Yqz3h6RF_7I
⏳ Retry 2/3 for: https://www.youtube.com/watch?v=Yqz3h6RF_7I
⚠️ Using RSS content as fallback for: https://www.youtube.com/watch?v=Yqz3h6RF_7I
✅ Saved: /home/runner/work/magazine/magazine/articles/2026-01-27/the-persistence-of-decay.md
📥 Processing: Visualrambling.space
⚠️ Content too short (279 chars < 500): https://visualrambling.space/
⏳ Retry 1/3 for: https://visualrambling.space/
⚠️ Content too short (279 chars < 500): https://visualrambling.space/
⏳ Retry 2/3 for: https://visualrambling.space/
⚠️ Content too short (279 chars < 500): https://visualrambling.space/
⚠️ Using RSS content as fallback for: https://visualrambling.space/
✅ Saved: /home/runner/work/magazine/magazine/articles/2026-01-27/visualramblingspace.md
📥 Processing: The context collapse problem
✅ Saved: /home/runner/work/magazine/magazine/articles/2026-01-27/the-context-collapse-problem.md
📥 Processing: ClawdBot Review & Setup Guide: The UX Designer’s Personal AI Assistant
✅ Saved: /home/runner/work/magazine/magazine/articles/2026-01-27/clawdbot-review-setup-guide-the-ux-designers-personal-ai-assistant.md
📥 Processing: Programming principles for front-end developers
✅ Saved: /home/runner/work/magazine/magazine/articles/2026-01-27/programming-principles-for-front-end-developers.md
📥 Processing: There is No Need to Trap Focus on a Dialog Element
✅ Saved: /home/runner/work/magazine/magazine/articles/2026-01-27/there-is-no-need-to-trap-focus-on-a-dialog-element.md

📊 Summary:
   ✅ Success: 8
   ❌ Errors: 0
🏁 Done!
