articles_dir=2026-04-12
exit_code=0
timestamp_utc=2026-04-12T00:46:15Z

---- issue lines ----
8:Failed to fetch feed Vercel: Invalid time value
9:Failed to fetch feed Remix Blog: Status code 500

---- tail (last 50 lines) ----

> ux-eng-magazine@1.0.0 fetch-rss /home/runner/work/magazine/magazine
> node --import tsx src/index.ts

🚀 Starting RSS feed fetch...
📋 Loaded 65 feeds
📡 Fetching RSS feeds...
Failed to fetch feed Vercel: Invalid time value
Failed to fetch feed Remix Blog: Status code 500
📰 Found 4008 total articles
✨ New articles: 1
⏭️ Skipped (already processed): 422
📥 Processing: Agentic Engine Optimization (AEO)
✅ Saved: /home/runner/work/magazine/magazine/articles/2026-04-12/agentic-engine-optimization-aeo.md

📊 Summary:
   ✅ Success: 1
   ❌ Errors: 0
🏁 Done!
