articles_dir=2026-10-10
exit_code=0
timestamp_utc=2026-10-10T05:02:21Z

---- issue lines ----
9:❌ Playwright failed for Codrops: HTTP 403

---- tail (last 50 lines) ----
📥 Processing: Sightlines issue no.3: Raise the bar for how teams use AI
✅ Saved: /home/runner/work/magazine/magazine/articles/2026-10-10/sightlines-issue-no3-raise-the-bar-for-how-teams-use-ai.md
📥 Processing: 3 ways product designers use the Figma agent for craft, speed, and creative expression
✅ Saved: /home/runner/work/magazine/magazine/articles/2026-10-10/3-ways-product-designers-use-the-figma-agent-for-craft-speed-and-creative-expression.md
📥 Processing: Workflow lab: Staying in the flow with Figma’s agent
✅ Saved: /home/runner/work/magazine/magazine/articles/2026-10-10/workflow-lab-staying-in-the-flow-with-figmas-agent.md
📥 Processing: How to lighten design system upkeep with the Figma agent
✅ Saved: /home/runner/work/magazine/magazine/articles/2026-10-10/how-to-lighten-design-system-upkeep-with-the-figma-agent.md
📥 Processing: JPEG XL finally ships in Chrome
✅ Saved: /home/runner/work/magazine/magazine/articles/2026-10-10/jpeg-xl-finally-ships-in-chrome.md
📥 Processing: React習熟度ベンチマーク GPT最新号
✅ Saved: /home/runner/work/magazine/magazine/articles/2026-10-10/react-gpt.md
📥 Processing: SmartHRはKaigi on Rails 2026に協賛し、30名が参加、3名が登壇、2名がオーガナイザーを務めます！ そして、ブース出展と、学生参加支援、事後勉強会も実施します!! 渋谷でハチ合わせ!!!
✅ Saved: /home/runner/work/magazine/magazine/articles/2026-10-10/smarthrkaigi-on-rails-20263032.md
📥 Processing: PicoRubyKaigi 2026 Assembleにydahが登壇します —— オーガナイザーが紹介する当日の見どころ
✅ Saved: /home/runner/work/magazine/magazine/articles/2026-10-10/picorubykaigi-2026-assembleydah.md
📥 Processing: YAPC::Tokyo 2026にydahが登壇します
✅ Saved: /home/runner/work/magazine/magazine/articles/2026-10-10/yapctokyo-2026ydah.md
📥 Processing: ソフトウェアサプライチェーン攻撃演習から学ぶ、インシデント対応に必要な5つの視点
✅ Saved: /home/runner/work/magazine/magazine/articles/2026-10-10/co-10-09-162114.md
📥 Processing: The New Siri’s Biggest Strength Is Not Intelligence
⏳ Retry 1/3 after error: timeout of 15000ms exceeded
✅ Saved: /home/runner/work/magazine/magazine/articles/2026-10-10/the-new-siris-biggest-strength-is-not-intelligence.md
📥 Processing: Context Libraries: How AI Power Users Manage Context Engineering
✅ Saved: /home/runner/work/magazine/magazine/articles/2026-10-10/context-libraries-how-ai-power-users-manage-context-engineering.md
📥 Processing: E-cigarette & Vaping UX Benchmark: 3,600+ Performance Scores and 2,500+ Best Practice Examples 
Could not parse CSS stylesheet
Could not parse CSS stylesheet
Could not parse CSS stylesheet
Could not parse CSS stylesheet
Could not parse CSS stylesheet
Could not parse CSS stylesheet
Could not parse CSS stylesheet
Could not parse CSS stylesheet
✅ Saved: /home/runner/work/magazine/magazine/articles/2026-10-10/e-cigarette-vaping-ux-benchmark-3600-performance-scores-and-2500-best-practice-examples.md
📥 Processing: How to Make Creation Forms Faster to Fill Out
🤖 Bot protection detected (HTTP 403), trying Playwright: https://uxmovement.medium.com/how-to-make-creation-forms-faster-to-fill-out-dcc8087a7ea7
✅ Playwright successfully fetched: https://uxmovement.medium.com/how-to-make-creation-forms-faster-to-fill-out-dcc8087a7ea7
⚠️ Content too short (193 chars < 200): https://uxmovement.medium.com/how-to-make-creation-forms-faster-to-fill-out-dcc8087a7ea7
⚠️ Using RSS content as fallback for: https://uxmovement.medium.com/how-to-make-creation-forms-faster-to-fill-out-dcc8087a7ea7
✅ Saved: /home/runner/work/magazine/magazine/articles/2026-10-10/how-to-make-creation-forms-faster-to-fill-out.md
📥 Processing: This Week In React #300: Next.js, TanStack, React Foundation, Compiler, Ink, Streamdown, Shaders | Skia, Live Activities, Lucent, Voltra, Apex, Coinbase, Stim Desktop, Unistyles | TC39, e2e, Effect, Remix, h3, SvelteKit, TypeScript
✅ Saved: /home/runner/work/magazine/magazine/articles/2026-10-10/this-week-in-react-300-nextjs-tanstack-react-foundation-compiler-ink-streamdown-shaders-skia-live-ac.md
📥 Processing: Next.js 16.4, and a new way to visualize React apps
✅ Saved: /home/runner/work/magazine/magazine/articles/2026-10-10/nextjs-164-and-a-new-way-to-visualize-react-apps.md

📊 Summary:
   ✅ Success: 69
   ❌ Errors: 0
🏁 Done!
